******************************************************************************
                  MSP430 Linker PC v4.0.0                      
******************************************************************************
>> Linked Sun Jan 13 18:33:35 2013

OUTPUT FILE NAME:   <uwfh_shifter_stress.out>
ENTRY POINT SYMBOL: "_c_int00"  address: 00008810


MEMORY CONFIGURATION

         name            origin    length      used     unused   attr    fill
----------------------  --------  ---------  --------  --------  ----  --------
  SFR                   00000000   00000010  00000000  00000010  RWIX
  PERIPHERALS_8BIT      00000010   000000f0  00000000  000000f0  RWIX
  PERIPHERALS_16BIT     00000100   00000100  00000000  00000100  RWIX
  RAM                   00000200   00000400  00000090  00000370  RWIX
  INFOD                 00001000   00000040  00000000  00000040  RWIX
  INFOC                 00001040   00000040  00000000  00000040  RWIX
  INFOB                 00001080   00000040  00000000  00000040  RWIX
  INFOA                 000010c0   00000040  00000000  00000040  RWIX
  FLASH                 00008000   00007fde  0000092c  000076b2  RWIX
  INT00                 0000ffe0   00000002  00000000  00000002  RWIX
  INT01                 0000ffe2   00000002  00000000  00000002  RWIX
  INT02                 0000ffe4   00000002  00000000  00000002  RWIX
  INT03                 0000ffe6   00000002  00000000  00000002  RWIX
  INT04                 0000ffe8   00000002  00000000  00000002  RWIX
  INT05                 0000ffea   00000002  00000000  00000002  RWIX
  INT06                 0000ffec   00000002  00000000  00000002  RWIX
  INT07                 0000ffee   00000002  00000000  00000002  RWIX
  INT08                 0000fff0   00000002  00000000  00000002  RWIX
  INT09                 0000fff2   00000002  00000002  00000000  RWIX
  INT10                 0000fff4   00000002  00000000  00000002  RWIX
  INT11                 0000fff6   00000002  00000000  00000002  RWIX
  INT12                 0000fff8   00000002  00000000  00000002  RWIX
  INT13                 0000fffa   00000002  00000000  00000002  RWIX
  INT14                 0000fffc   00000002  00000000  00000002  RWIX
  RESET                 0000fffe   00000002  00000002  00000000  RWIX


SECTION ALLOCATION MAP

 output                                  attributes/
section   page    origin      length       input sections
--------  ----  ----------  ----------   ----------------
.pinit     0    00008000    00000000     UNINITIALIZED

.bss       0    00000200    00000040     UNINITIALIZED
                  00000200    00000038     stress_main.obj (.bss)
                  00000238    00000004     rts430.lib : _lock.obj (.bss)
                  0000023c    00000004                : boot.obj (.bss)

.stack     0    000005b0    00000050     UNINITIALIZED
                  000005b0    00000002     rts430.lib : boot.obj (.stack)
                  000005b2    0000004e     --HOLE--

.text      0    00008000    000008ea     
                  00008000    00000378     stress_main.obj (.text:shift_gear)
                  00008378    00000164     stress_main.obj (.text:main)
                  000084dc    000000d6     stress_main.obj (.text:initActuators)
                  000085b2    000000cc     stress_main.obj (.text:gear_indication)
                  0000867e    000000b0     stress_main.obj (.text:actuate_clutch)
                  0000872e    00000052     stress_main.obj (.text:readADC)
                  00008780    0000004a     rts430.lib : fs_cmp.obj (.text)
                  000087ca    00000046                : autoinit.obj (.text:_auto_init)
                  00008810    00000026                : boot.obj (.text:_c_int00_noexit)
                  00008836    00000024                : fs_utof.obj (.text)
                  0000885a    00000022     stress_main.obj (.text:initPortPins)
                  0000887c    00000018     stress_main.obj (.text:ignition_cut)
                  00008894    00000014     stress_main.obj (.text:timer_init)
                  000088a8    00000012     rts430.lib : memcpy.obj (.text:memcpy)
                  000088ba    00000010                : epilog.obj (.text)
                  000088ca    0000000e     stress_main.obj (.text:clock_init)
                  000088d8    00000008     stress_main.obj (.text:Timer_A)
                  000088e0    00000004     rts430.lib : pre_init.obj (.text:_system_pre_init)
                  000088e4    00000004                : exit.obj (.text:abort)
                  000088e8    00000002                : _lock.obj (.text:_nop)

.cinit     0    000088ea    00000042     
                  000088ea    00000040     stress_main.obj (.cinit)
                  0000892a    00000002     --HOLE-- [fill = 0]

.int09     0    0000fff2    00000002     
                  0000fff2    00000002     stress_main.obj (.int09)

.reset     0    0000fffe    00000002     
                  0000fffe    00000002     rts430.lib : boot.obj (.reset)


GLOBAL SYMBOLS: SORTED ALPHABETICALLY BY Name 

address    name
--------   ----
00000200   .bss
00008000   .text
0000004a   ADC10AE0
0000004b   ADC10AE1
000001b0   ADC10CTL0
000001b2   ADC10CTL1
00000048   ADC10DTC0
00000049   ADC10DTC1
000001b4   ADC10MEM
000001bc   ADC10SA
00000057   BCSCTL1
00000058   BCSCTL2
00000053   BCSCTL3
000088e4   C$$EXIT
000010fb   CALBC1_12MHZ
000010f9   CALBC1_16MHZ
000010ff   CALBC1_1MHZ
000010fd   CALBC1_8MHZ
000010fa   CALDCO_12MHZ
000010f8   CALDCO_16MHZ
000010fe   CALDCO_1MHZ
000010fc   CALDCO_8MHZ
00000056   DCOCTL
00000128   FCTL1
0000012a   FCTL2
0000012c   FCTL3
00000000   IE1
00000001   IE2
00000002   IFG1
00000003   IFG2
00000022   P1DIR
00000025   P1IE
00000024   P1IES
00000023   P1IFG
00000020   P1IN
00000021   P1OUT
00000027   P1REN
00000026   P1SEL
0000002a   P2DIR
0000002d   P2IE
0000002c   P2IES
0000002b   P2IFG
00000028   P2IN
00000029   P2OUT
0000002f   P2REN
0000002e   P2SEL
0000001a   P3DIR
00000018   P3IN
00000019   P3OUT
00000010   P3REN
0000001b   P3SEL
0000001e   P4DIR
0000001c   P4IN
0000001d   P4OUT
00000011   P4REN
0000001f   P4SEL
00000172   TACCR0
00000174   TACCR1
00000176   TACCR2
00000162   TACCTL0
00000164   TACCTL1
00000166   TACCTL2
00000160   TACTL
0000012e   TAIV
00000170   TAR
00000192   TBCCR0
00000194   TBCCR1
00000196   TBCCR2
00000182   TBCCTL0
00000184   TBCCTL1
00000186   TBCCTL2
00000180   TBCTL
0000011e   TBIV
00000190   TBR
000088d8   Timer_A
0000005d   UCA0ABCTL
00000062   UCA0BR0
00000063   UCA0BR1
00000060   UCA0CTL0
00000061   UCA0CTL1
0000005f   UCA0IRRCTL
0000005e   UCA0IRTCTL
00000064   UCA0MCTL
00000066   UCA0RXBUF
00000065   UCA0STAT
00000067   UCA0TXBUF
0000006a   UCB0BR0
0000006b   UCB0BR1
00000068   UCB0CTL0
00000069   UCB0CTL1
0000006c   UCB0I2CIE
00000118   UCB0I2COA
0000011a   UCB0I2CSA
0000006e   UCB0RXBUF
0000006d   UCB0STAT
0000006f   UCB0TXBUF
00000120   WDTCTL
00000600   __STACK_END
00000050   __STACK_SIZE
00000001   __TI_args_main
00000001   __TI_auto_init
00000001   __TI_exit
ffffffff   __binit__
00000200   __bss__
ffffffff   __c_args__
000088ea   __cinit__
00000240   __end__
000088ea   __etext__
00008780   __fs_cmp
00008836   __fs_utof
ffffffff   __pinit__
00008000   __text__
000087ca   _auto_init
00008810   _c_int00
00008810   _c_int00_noexit
0000023c   _cleanup_ptr
0000023e   _dtors_ptr
00000238   _lock
000088e8   _nop
0000fffe   _reset_vector
000005b0   _stack
000088e0   _system_pre_init
0000023a   _unlock
000088e4   abort
0000867e   actuate_clutch
ffffffff   binit
000088ea   cinit
000088ca   clock_init
0000022c   clutch_extend
00000228   clutch_half
00000204   clutch_posn
00000224   clutch_retract
00000230   clutch_state
00000214   down_posn
00000240   end
000088ea   etext
000088c6   func_epilog_1
000088c4   func_epilog_2
000088c2   func_epilog_3
000088c0   func_epilog_4
000088be   func_epilog_5
000088bc   func_epilog_6
000088ba   func_epilog_7
000085b2   gear_indication
00000236   gear_num
00000234   gear_status
00000233   ign_cut
0000887c   ignition_cut
00000235   in_neutral
000084dc   initActuators
0000885a   initPortPins
00008378   main
000088a8   memcpy
0000021c   neutral_posn
00000208   paddle_val
ffffffff   pinit
00000232   prev_state
0000872e   readADC
00000218   rest_posn
00008000   shift_gear
00000220   shift_half
00000200   shift_posn
00000231   shift_state
0000020c   temp
00008894   timer_init
00000210   up_posn


GLOBAL SYMBOLS: SORTED BY Symbol Address 

address    name
--------   ----
00000000   IE1
00000001   IE2
00000001   __TI_args_main
00000001   __TI_auto_init
00000001   __TI_exit
00000002   IFG1
00000003   IFG2
00000010   P3REN
00000011   P4REN
00000018   P3IN
00000019   P3OUT
0000001a   P3DIR
0000001b   P3SEL
0000001c   P4IN
0000001d   P4OUT
0000001e   P4DIR
0000001f   P4SEL
00000020   P1IN
00000021   P1OUT
00000022   P1DIR
00000023   P1IFG
00000024   P1IES
00000025   P1IE
00000026   P1SEL
00000027   P1REN
00000028   P2IN
00000029   P2OUT
0000002a   P2DIR
0000002b   P2IFG
0000002c   P2IES
0000002d   P2IE
0000002e   P2SEL
0000002f   P2REN
00000048   ADC10DTC0
00000049   ADC10DTC1
0000004a   ADC10AE0
0000004b   ADC10AE1
00000050   __STACK_SIZE
00000053   BCSCTL3
00000056   DCOCTL
00000057   BCSCTL1
00000058   BCSCTL2
0000005d   UCA0ABCTL
0000005e   UCA0IRTCTL
0000005f   UCA0IRRCTL
00000060   UCA0CTL0
00000061   UCA0CTL1
00000062   UCA0BR0
00000063   UCA0BR1
00000064   UCA0MCTL
00000065   UCA0STAT
00000066   UCA0RXBUF
00000067   UCA0TXBUF
00000068   UCB0CTL0
00000069   UCB0CTL1
0000006a   UCB0BR0
0000006b   UCB0BR1
0000006c   UCB0I2CIE
0000006d   UCB0STAT
0000006e   UCB0RXBUF
0000006f   UCB0TXBUF
00000118   UCB0I2COA
0000011a   UCB0I2CSA
0000011e   TBIV
00000120   WDTCTL
00000128   FCTL1
0000012a   FCTL2
0000012c   FCTL3
0000012e   TAIV
00000160   TACTL
00000162   TACCTL0
00000164   TACCTL1
00000166   TACCTL2
00000170   TAR
00000172   TACCR0
00000174   TACCR1
00000176   TACCR2
00000180   TBCTL
00000182   TBCCTL0
00000184   TBCCTL1
00000186   TBCCTL2
00000190   TBR
00000192   TBCCR0
00000194   TBCCR1
00000196   TBCCR2
000001b0   ADC10CTL0
000001b2   ADC10CTL1
000001b4   ADC10MEM
000001bc   ADC10SA
00000200   .bss
00000200   __bss__
00000200   shift_posn
00000204   clutch_posn
00000208   paddle_val
0000020c   temp
00000210   up_posn
00000214   down_posn
00000218   rest_posn
0000021c   neutral_posn
00000220   shift_half
00000224   clutch_retract
00000228   clutch_half
0000022c   clutch_extend
00000230   clutch_state
00000231   shift_state
00000232   prev_state
00000233   ign_cut
00000234   gear_status
00000235   in_neutral
00000236   gear_num
00000238   _lock
0000023a   _unlock
0000023c   _cleanup_ptr
0000023e   _dtors_ptr
00000240   __end__
00000240   end
000005b0   _stack
00000600   __STACK_END
000010f8   CALDCO_16MHZ
000010f9   CALBC1_16MHZ
000010fa   CALDCO_12MHZ
000010fb   CALBC1_12MHZ
000010fc   CALDCO_8MHZ
000010fd   CALBC1_8MHZ
000010fe   CALDCO_1MHZ
000010ff   CALBC1_1MHZ
00008000   .text
00008000   __text__
00008000   shift_gear
00008378   main
000084dc   initActuators
000085b2   gear_indication
0000867e   actuate_clutch
0000872e   readADC
00008780   __fs_cmp
000087ca   _auto_init
00008810   _c_int00
00008810   _c_int00_noexit
00008836   __fs_utof
0000885a   initPortPins
0000887c   ignition_cut
00008894   timer_init
000088a8   memcpy
000088ba   func_epilog_7
000088bc   func_epilog_6
000088be   func_epilog_5
000088c0   func_epilog_4
000088c2   func_epilog_3
000088c4   func_epilog_2
000088c6   func_epilog_1
000088ca   clock_init
000088d8   Timer_A
000088e0   _system_pre_init
000088e4   C$$EXIT
000088e4   abort
000088e8   _nop
000088ea   __cinit__
000088ea   __etext__
000088ea   cinit
000088ea   etext
0000fffe   _reset_vector
ffffffff   __binit__
ffffffff   __c_args__
ffffffff   __pinit__
ffffffff   binit
ffffffff   pinit

[166 symbols]
